// Jest Snapshot v1, https://goo.gl/fbAQLP

exports[`Step.vue Check if the Step.vue component has the expected UI 1`] = `
<div class="step-content">
  <!---->
</div>
`;
